// Jest Snapshot v1, https://goo.gl/fbAQLP

exports[`App matches snapshot 1`] = `
<div
  className="app"
>
  <title>
    WANDERER
  </title>
  <h1>
    WANDERER
  </h1>
  <div>
    Map Goes Here
  </div>
  <div>
    Nav Bar Goes Here
  </div>
  <div>
    <select
      className="country-select"
      onChange={[Function]}
    >
      <option
        key="0"
        value="Afghanistan"
      >
        Afghanistan
      </option>
      <option
        key="1"
        value="Albania"
      >
        Albania
      </option>
      <option
        key="2"
        value="Algeria"
      >
        Algeria
      </option>
      <option
        key="3"
        value="Andorra"
      >
        Andorra
      </option>
      <option
        key="4"
        value="Angola"
      >
        Angola
      </option>
      <option
        key="5"
        value="Anguilla"
      >
        Anguilla
      </option>
      <option
        key="6"
        value="Antigua &amp; Barbuda"
      >
        Antigua &amp; Barbuda
      </option>
      <option
        key="7"
        value="Argentina"
      >
        Argentina
      </option>
      <option
        key="8"
        value="Armenia"
      >
        Armenia
      </option>
      <option
        key="9"
        value="Aruba"
      >
        Aruba
      </option>
      <option
        key="10"
        value="Australia"
      >
        Australia
      </option>
      <option
        key="11"
        value="Austria"
      >
        Austria
      </option>
      <option
        key="12"
        value="Azerbaijan"
      >
        Azerbaijan
      </option>
      <option
        key="13"
        value="Bahamas"
      >
        Bahamas
      </option>
      <option
        key="14"
        value="Bahrain"
      >
        Bahrain
      </option>
      <option
        key="15"
        value="Bangladesh"
      >
        Bangladesh
      </option>
      <option
        key="16"
        value="Barbados"
      >
        Barbados
      </option>
      <option
        key="17"
        value="Belarus"
      >
        Belarus
      </option>
      <option
        key="18"
        value="Belgium"
      >
        Belgium
      </option>
      <option
        key="19"
        value="Belize"
      >
        Belize
      </option>
      <option
        key="20"
        value="Benin"
      >
        Benin
      </option>
      <option
        key="21"
        value="Bermuda"
      >
        Bermuda
      </option>
      <option
        key="22"
        value="Bhutan"
      >
        Bhutan
      </option>
      <option
        key="23"
        value="Bolivia"
      >
        Bolivia
      </option>
      <option
        key="24"
        value="Bosnia &amp; Herzegovina"
      >
        Bosnia &amp; Herzegovina
      </option>
      <option
        key="25"
        value="Botswana"
      >
        Botswana
      </option>
      <option
        key="26"
        value="Brazil"
      >
        Brazil
      </option>
      <option
        key="27"
        value="British Virgin Islands"
      >
        British Virgin Islands
      </option>
      <option
        key="28"
        value="Brunei"
      >
        Brunei
      </option>
      <option
        key="29"
        value="Bulgaria"
      >
        Bulgaria
      </option>
      <option
        key="30"
        value="Burkina Faso"
      >
        Burkina Faso
      </option>
      <option
        key="31"
        value="Burundi"
      >
        Burundi
      </option>
      <option
        key="32"
        value="Cambodia"
      >
        Cambodia
      </option>
      <option
        key="33"
        value="Cameroon"
      >
        Cameroon
      </option>
      <option
        key="34"
        value="Canada"
      >
        Canada
      </option>
      <option
        key="35"
        value="Cape Verde"
      >
        Cape Verde
      </option>
      <option
        key="36"
        value="Cayman Islands"
      >
        Cayman Islands
      </option>
      <option
        key="37"
        value="Chad"
      >
        Chad
      </option>
      <option
        key="38"
        value="Chile"
      >
        Chile
      </option>
      <option
        key="39"
        value="China"
      >
        China
      </option>
      <option
        key="40"
        value="Colombia"
      >
        Colombia
      </option>
      <option
        key="41"
        value="Congo"
      >
        Congo
      </option>
      <option
        key="42"
        value="Cook Islands"
      >
        Cook Islands
      </option>
      <option
        key="43"
        value="Costa Rica"
      >
        Costa Rica
      </option>
      <option
        key="44"
        value="Cote D Ivoire"
      >
        Cote D Ivoire
      </option>
      <option
        key="45"
        value="Croatia"
      >
        Croatia
      </option>
      <option
        key="46"
        value="Cruise Ship"
      >
        Cruise Ship
      </option>
      <option
        key="47"
        value="Cuba"
      >
        Cuba
      </option>
      <option
        key="48"
        value="Cyprus"
      >
        Cyprus
      </option>
      <option
        key="49"
        value="Czech Republic"
      >
        Czech Republic
      </option>
      <option
        key="50"
        value="Denmark"
      >
        Denmark
      </option>
      <option
        key="51"
        value="Djibouti"
      >
        Djibouti
      </option>
      <option
        key="52"
        value="Dominica"
      >
        Dominica
      </option>
      <option
        key="53"
        value="Dominican Republic"
      >
        Dominican Republic
      </option>
      <option
        key="54"
        value="Ecuador"
      >
        Ecuador
      </option>
      <option
        key="55"
        value="Egypt"
      >
        Egypt
      </option>
      <option
        key="56"
        value="El Salvador"
      >
        El Salvador
      </option>
      <option
        key="57"
        value="Equatorial Guinea"
      >
        Equatorial Guinea
      </option>
      <option
        key="58"
        value="Estonia"
      >
        Estonia
      </option>
      <option
        key="59"
        value="Ethiopia"
      >
        Ethiopia
      </option>
      <option
        key="60"
        value="Falkland Islands"
      >
        Falkland Islands
      </option>
      <option
        key="61"
        value="Faroe Islands"
      >
        Faroe Islands
      </option>
      <option
        key="62"
        value="Fiji"
      >
        Fiji
      </option>
      <option
        key="63"
        value="Finland"
      >
        Finland
      </option>
      <option
        key="64"
        value="France"
      >
        France
      </option>
      <option
        key="65"
        value="French Polynesia"
      >
        French Polynesia
      </option>
      <option
        key="66"
        value="French West Indies"
      >
        French West Indies
      </option>
      <option
        key="67"
        value="Gabon"
      >
        Gabon
      </option>
      <option
        key="68"
        value="Gambia"
      >
        Gambia
      </option>
      <option
        key="69"
        value="Georgia"
      >
        Georgia
      </option>
      <option
        key="70"
        value="Germany"
      >
        Germany
      </option>
      <option
        key="71"
        value="Ghana"
      >
        Ghana
      </option>
      <option
        key="72"
        value="Gibraltar"
      >
        Gibraltar
      </option>
      <option
        key="73"
        value="Greece"
      >
        Greece
      </option>
      <option
        key="74"
        value="Greenland"
      >
        Greenland
      </option>
      <option
        key="75"
        value="Grenada"
      >
        Grenada
      </option>
      <option
        key="76"
        value="Guam"
      >
        Guam
      </option>
      <option
        key="77"
        value="Guatemala"
      >
        Guatemala
      </option>
      <option
        key="78"
        value="Guernsey"
      >
        Guernsey
      </option>
      <option
        key="79"
        value="Guinea"
      >
        Guinea
      </option>
      <option
        key="80"
        value="Guinea Bissau"
      >
        Guinea Bissau
      </option>
      <option
        key="81"
        value="Guyana"
      >
        Guyana
      </option>
      <option
        key="82"
        value="Haiti"
      >
        Haiti
      </option>
      <option
        key="83"
        value="Honduras"
      >
        Honduras
      </option>
      <option
        key="84"
        value="Hong Kong"
      >
        Hong Kong
      </option>
      <option
        key="85"
        value="Hungary"
      >
        Hungary
      </option>
      <option
        key="86"
        value="Iceland"
      >
        Iceland
      </option>
      <option
        key="87"
        value="India"
      >
        India
      </option>
      <option
        key="88"
        value="Indonesia"
      >
        Indonesia
      </option>
      <option
        key="89"
        value="Iran"
      >
        Iran
      </option>
      <option
        key="90"
        value="Iraq"
      >
        Iraq
      </option>
      <option
        key="91"
        value="Ireland"
      >
        Ireland
      </option>
      <option
        key="92"
        value="Isle of Man"
      >
        Isle of Man
      </option>
      <option
        key="93"
        value="Israel"
      >
        Israel
      </option>
      <option
        key="94"
        value="Italy"
      >
        Italy
      </option>
      <option
        key="95"
        value="Jamaica"
      >
        Jamaica
      </option>
      <option
        key="96"
        value="Japan"
      >
        Japan
      </option>
      <option
        key="97"
        value="Jersey"
      >
        Jersey
      </option>
      <option
        key="98"
        value="Jordan"
      >
        Jordan
      </option>
      <option
        key="99"
        value="Kazakhstan"
      >
        Kazakhstan
      </option>
      <option
        key="100"
        value="Kenya"
      >
        Kenya
      </option>
      <option
        key="101"
        value="Kuwait"
      >
        Kuwait
      </option>
      <option
        key="102"
        value="Kyrgyz Republic"
      >
        Kyrgyz Republic
      </option>
      <option
        key="103"
        value="Laos"
      >
        Laos
      </option>
      <option
        key="104"
        value="Latvia"
      >
        Latvia
      </option>
      <option
        key="105"
        value="Lebanon"
      >
        Lebanon
      </option>
      <option
        key="106"
        value="Lesotho"
      >
        Lesotho
      </option>
      <option
        key="107"
        value="Liberia"
      >
        Liberia
      </option>
      <option
        key="108"
        value="Libya"
      >
        Libya
      </option>
      <option
        key="109"
        value="Liechtenstein"
      >
        Liechtenstein
      </option>
      <option
        key="110"
        value="Lithuania"
      >
        Lithuania
      </option>
      <option
        key="111"
        value="Luxembourg"
      >
        Luxembourg
      </option>
      <option
        key="112"
        value="Macau"
      >
        Macau
      </option>
      <option
        key="113"
        value="Macedonia"
      >
        Macedonia
      </option>
      <option
        key="114"
        value="Madagascar"
      >
        Madagascar
      </option>
      <option
        key="115"
        value="Malawi"
      >
        Malawi
      </option>
      <option
        key="116"
        value="Malaysia"
      >
        Malaysia
      </option>
      <option
        key="117"
        value="Maldives"
      >
        Maldives
      </option>
      <option
        key="118"
        value="Mali"
      >
        Mali
      </option>
      <option
        key="119"
        value="Malta"
      >
        Malta
      </option>
      <option
        key="120"
        value="Mauritania"
      >
        Mauritania
      </option>
      <option
        key="121"
        value="Mauritius"
      >
        Mauritius
      </option>
      <option
        key="122"
        value="Mexico"
      >
        Mexico
      </option>
      <option
        key="123"
        value="Moldova"
      >
        Moldova
      </option>
      <option
        key="124"
        value="Monaco"
      >
        Monaco
      </option>
      <option
        key="125"
        value="Mongolia"
      >
        Mongolia
      </option>
      <option
        key="126"
        value="Montenegro"
      >
        Montenegro
      </option>
      <option
        key="127"
        value="Montserrat"
      >
        Montserrat
      </option>
      <option
        key="128"
        value="Morocco"
      >
        Morocco
      </option>
      <option
        key="129"
        value="Mozambique"
      >
        Mozambique
      </option>
      <option
        key="130"
        value="Namibia"
      >
        Namibia
      </option>
      <option
        key="131"
        value="Nepal"
      >
        Nepal
      </option>
      <option
        key="132"
        value="Netherlands"
      >
        Netherlands
      </option>
      <option
        key="133"
        value="Netherlands Antilles"
      >
        Netherlands Antilles
      </option>
      <option
        key="134"
        value="New Caledonia"
      >
        New Caledonia
      </option>
      <option
        key="135"
        value="New Zealand"
      >
        New Zealand
      </option>
      <option
        key="136"
        value="Nicaragua"
      >
        Nicaragua
      </option>
      <option
        key="137"
        value="Niger"
      >
        Niger
      </option>
      <option
        key="138"
        value="Nigeria"
      >
        Nigeria
      </option>
      <option
        key="139"
        value="Norway"
      >
        Norway
      </option>
      <option
        key="140"
        value="Oman"
      >
        Oman
      </option>
      <option
        key="141"
        value="Pakistan"
      >
        Pakistan
      </option>
      <option
        key="142"
        value="Palestine"
      >
        Palestine
      </option>
      <option
        key="143"
        value="Panama"
      >
        Panama
      </option>
      <option
        key="144"
        value="Papua New Guinea"
      >
        Papua New Guinea
      </option>
      <option
        key="145"
        value="Paraguay"
      >
        Paraguay
      </option>
      <option
        key="146"
        value="Peru"
      >
        Peru
      </option>
      <option
        key="147"
        value="Philippines"
      >
        Philippines
      </option>
      <option
        key="148"
        value="Poland"
      >
        Poland
      </option>
      <option
        key="149"
        value="Portugal"
      >
        Portugal
      </option>
      <option
        key="150"
        value="Puerto Rico"
      >
        Puerto Rico
      </option>
      <option
        key="151"
        value="Qatar"
      >
        Qatar
      </option>
      <option
        key="152"
        value="Reunion"
      >
        Reunion
      </option>
      <option
        key="153"
        value="Romania"
      >
        Romania
      </option>
      <option
        key="154"
        value="Russia"
      >
        Russia
      </option>
      <option
        key="155"
        value="Rwanda"
      >
        Rwanda
      </option>
      <option
        key="156"
        value="Saint Pierre &amp; Miquelon"
      >
        Saint Pierre &amp; Miquelon
      </option>
      <option
        key="157"
        value="Samoa"
      >
        Samoa
      </option>
      <option
        key="158"
        value="San Marino"
      >
        San Marino
      </option>
      <option
        key="159"
        value="Satellite"
      >
        Satellite
      </option>
      <option
        key="160"
        value="Saudi Arabia"
      >
        Saudi Arabia
      </option>
      <option
        key="161"
        value="Senegal"
      >
        Senegal
      </option>
      <option
        key="162"
        value="Serbia"
      >
        Serbia
      </option>
      <option
        key="163"
        value="Seychelles"
      >
        Seychelles
      </option>
      <option
        key="164"
        value="Sierra Leone"
      >
        Sierra Leone
      </option>
      <option
        key="165"
        value="Singapore"
      >
        Singapore
      </option>
      <option
        key="166"
        value="Slovakia"
      >
        Slovakia
      </option>
      <option
        key="167"
        value="Slovenia"
      >
        Slovenia
      </option>
      <option
        key="168"
        value="South Africa"
      >
        South Africa
      </option>
      <option
        key="169"
        value="South Korea"
      >
        South Korea
      </option>
      <option
        key="170"
        value="Spain"
      >
        Spain
      </option>
      <option
        key="171"
        value="Sri Lanka"
      >
        Sri Lanka
      </option>
      <option
        key="172"
        value="St Kitts &amp; Nevis"
      >
        St Kitts &amp; Nevis
      </option>
      <option
        key="173"
        value="St Lucia"
      >
        St Lucia
      </option>
      <option
        key="174"
        value="St Vincent"
      >
        St Vincent
      </option>
      <option
        key="175"
        value="St. Lucia"
      >
        St. Lucia
      </option>
      <option
        key="176"
        value="Sudan"
      >
        Sudan
      </option>
      <option
        key="177"
        value="Suriname"
      >
        Suriname
      </option>
      <option
        key="178"
        value="Swaziland"
      >
        Swaziland
      </option>
      <option
        key="179"
        value="Sweden"
      >
        Sweden
      </option>
      <option
        key="180"
        value="Switzerland"
      >
        Switzerland
      </option>
      <option
        key="181"
        value="Syria"
      >
        Syria
      </option>
      <option
        key="182"
        value="Taiwan"
      >
        Taiwan
      </option>
      <option
        key="183"
        value="Tajikistan"
      >
        Tajikistan
      </option>
      <option
        key="184"
        value="Tanzania"
      >
        Tanzania
      </option>
      <option
        key="185"
        value="Thailand"
      >
        Thailand
      </option>
      <option
        key="186"
        value="Timor L'Este"
      >
        Timor L'Este
      </option>
      <option
        key="187"
        value="Togo"
      >
        Togo
      </option>
      <option
        key="188"
        value="Tonga"
      >
        Tonga
      </option>
      <option
        key="189"
        value="Trinidad &amp; Tobago"
      >
        Trinidad &amp; Tobago
      </option>
      <option
        key="190"
        value="Tunisia"
      >
        Tunisia
      </option>
      <option
        key="191"
        value="Turkey"
      >
        Turkey
      </option>
      <option
        key="192"
        value="Turkmenistan"
      >
        Turkmenistan
      </option>
      <option
        key="193"
        value="Turks &amp; Caicos"
      >
        Turks &amp; Caicos
      </option>
      <option
        key="194"
        value="Uganda"
      >
        Uganda
      </option>
      <option
        key="195"
        value="Ukraine"
      >
        Ukraine
      </option>
      <option
        key="196"
        value="United Arab Emirates"
      >
        United Arab Emirates
      </option>
      <option
        key="197"
        value="United Kingdom"
      >
        United Kingdom
      </option>
      <option
        key="198"
        value="United States"
      >
        United States
      </option>
      <option
        key="199"
        value="United States Minor Outlying Islands"
      >
        United States Minor Outlying Islands
      </option>
      <option
        key="200"
        value="Uruguay"
      >
        Uruguay
      </option>
      <option
        key="201"
        value="Uzbekistan"
      >
        Uzbekistan
      </option>
      <option
        key="202"
        value="Venezuela"
      >
        Venezuela
      </option>
      <option
        key="203"
        value="Vietnam"
      >
        Vietnam
      </option>
      <option
        key="204"
        value="Virgin Islands (US)"
      >
        Virgin Islands (US)
      </option>
      <option
        key="205"
        value="Yemen"
      >
        Yemen
      </option>
      <option
        key="206"
        value="Zambia"
      >
        Zambia
      </option>
      <option
        key="207"
        value="Zimbabwe"
      >
        Zimbabwe
      </option>
    </select>
    <Link
      replace={false}
      to="/"
    >
      <button
        className="country-search-button"
      >
        Search Country
      </button>
    </Link>
    <BlogList
      blogs={
        Array [
          Object {
            "blogAuthor": "BROICHI",
            "blogContents": "YOLO SWAG",
            "blogId": "1",
            "blogTitle": "WELCOME TO NIHON",
          },
          Object {
            "blogAuthor": "BROICHI",
            "blogContents": "とりあえず 生 なま ビルください",
            "blogId": "2",
            "blogTitle": "Ebisu Brewery",
          },
        ]
      }
    />
  </div>
  <Sidebar
    countries={
      Array [
        "Afghanistan",
        "Albania",
        "Algeria",
        "Andorra",
        "Angola",
        "Anguilla",
        "Antigua &amp; Barbuda",
        "Argentina",
        "Armenia",
        "Aruba",
        "Australia",
        "Austria",
        "Azerbaijan",
        "Bahamas",
        "Bahrain",
        "Bangladesh",
        "Barbados",
        "Belarus",
        "Belgium",
        "Belize",
        "Benin",
        "Bermuda",
        "Bhutan",
        "Bolivia",
        "Bosnia &amp; Herzegovina",
        "Botswana",
        "Brazil",
        "British Virgin Islands",
        "Brunei",
        "Bulgaria",
        "Burkina Faso",
        "Burundi",
        "Cambodia",
        "Cameroon",
        "Canada",
        "Cape Verde",
        "Cayman Islands",
        "Chad",
        "Chile",
        "China",
        "Colombia",
        "Congo",
        "Cook Islands",
        "Costa Rica",
        "Cote D Ivoire",
        "Croatia",
        "Cruise Ship",
        "Cuba",
        "Cyprus",
        "Czech Republic",
        "Denmark",
        "Djibouti",
        "Dominica",
        "Dominican Republic",
        "Ecuador",
        "Egypt",
        "El Salvador",
        "Equatorial Guinea",
        "Estonia",
        "Ethiopia",
        "Falkland Islands",
        "Faroe Islands",
        "Fiji",
        "Finland",
        "France",
        "French Polynesia",
        "French West Indies",
        "Gabon",
        "Gambia",
        "Georgia",
        "Germany",
        "Ghana",
        "Gibraltar",
        "Greece",
        "Greenland",
        "Grenada",
        "Guam",
        "Guatemala",
        "Guernsey",
        "Guinea",
        "Guinea Bissau",
        "Guyana",
        "Haiti",
        "Honduras",
        "Hong Kong",
        "Hungary",
        "Iceland",
        "India",
        "Indonesia",
        "Iran",
        "Iraq",
        "Ireland",
        "Isle of Man",
        "Israel",
        "Italy",
        "Jamaica",
        "Japan",
        "Jersey",
        "Jordan",
        "Kazakhstan",
        "Kenya",
        "Kuwait",
        "Kyrgyz Republic",
        "Laos",
        "Latvia",
        "Lebanon",
        "Lesotho",
        "Liberia",
        "Libya",
        "Liechtenstein",
        "Lithuania",
        "Luxembourg",
        "Macau",
        "Macedonia",
        "Madagascar",
        "Malawi",
        "Malaysia",
        "Maldives",
        "Mali",
        "Malta",
        "Mauritania",
        "Mauritius",
        "Mexico",
        "Moldova",
        "Monaco",
        "Mongolia",
        "Montenegro",
        "Montserrat",
        "Morocco",
        "Mozambique",
        "Namibia",
        "Nepal",
        "Netherlands",
        "Netherlands Antilles",
        "New Caledonia",
        "New Zealand",
        "Nicaragua",
        "Niger",
        "Nigeria",
        "Norway",
        "Oman",
        "Pakistan",
        "Palestine",
        "Panama",
        "Papua New Guinea",
        "Paraguay",
        "Peru",
        "Philippines",
        "Poland",
        "Portugal",
        "Puerto Rico",
        "Qatar",
        "Reunion",
        "Romania",
        "Russia",
        "Rwanda",
        "Saint Pierre &amp; Miquelon",
        "Samoa",
        "San Marino",
        "Satellite",
        "Saudi Arabia",
        "Senegal",
        "Serbia",
        "Seychelles",
        "Sierra Leone",
        "Singapore",
        "Slovakia",
        "Slovenia",
        "South Africa",
        "South Korea",
        "Spain",
        "Sri Lanka",
        "St Kitts &amp; Nevis",
        "St Lucia",
        "St Vincent",
        "St. Lucia",
        "Sudan",
        "Suriname",
        "Swaziland",
        "Sweden",
        "Switzerland",
        "Syria",
        "Taiwan",
        "Tajikistan",
        "Tanzania",
        "Thailand",
        "Timor L'Este",
        "Togo",
        "Tonga",
        "Trinidad &amp; Tobago",
        "Tunisia",
        "Turkey",
        "Turkmenistan",
        "Turks &amp; Caicos",
        "Uganda",
        "Ukraine",
        "United Arab Emirates",
        "United Kingdom",
        "United States",
        "United States Minor Outlying Islands",
        "Uruguay",
        "Uzbekistan",
        "Venezuela",
        "Vietnam",
        "Virgin Islands (US)",
        "Yemen",
        "Zambia",
        "Zimbabwe",
      ]
    }
    handleSelectedCountry={[Function]}
  />
  <center>
    <div>
      <select
        onChange={[Function]}
      >
        <option
          key="0"
          value="Afghanistan"
        >
          Afghanistan
        </option>
        <option
          key="1"
          value="Albania"
        >
          Albania
        </option>
        <option
          key="2"
          value="Algeria"
        >
          Algeria
        </option>
        <option
          key="3"
          value="Andorra"
        >
          Andorra
        </option>
        <option
          key="4"
          value="Angola"
        >
          Angola
        </option>
        <option
          key="5"
          value="Anguilla"
        >
          Anguilla
        </option>
        <option
          key="6"
          value="Antigua &amp; Barbuda"
        >
          Antigua &amp; Barbuda
        </option>
        <option
          key="7"
          value="Argentina"
        >
          Argentina
        </option>
        <option
          key="8"
          value="Armenia"
        >
          Armenia
        </option>
        <option
          key="9"
          value="Aruba"
        >
          Aruba
        </option>
        <option
          key="10"
          value="Australia"
        >
          Australia
        </option>
        <option
          key="11"
          value="Austria"
        >
          Austria
        </option>
        <option
          key="12"
          value="Azerbaijan"
        >
          Azerbaijan
        </option>
        <option
          key="13"
          value="Bahamas"
        >
          Bahamas
        </option>
        <option
          key="14"
          value="Bahrain"
        >
          Bahrain
        </option>
        <option
          key="15"
          value="Bangladesh"
        >
          Bangladesh
        </option>
        <option
          key="16"
          value="Barbados"
        >
          Barbados
        </option>
        <option
          key="17"
          value="Belarus"
        >
          Belarus
        </option>
        <option
          key="18"
          value="Belgium"
        >
          Belgium
        </option>
        <option
          key="19"
          value="Belize"
        >
          Belize
        </option>
        <option
          key="20"
          value="Benin"
        >
          Benin
        </option>
        <option
          key="21"
          value="Bermuda"
        >
          Bermuda
        </option>
        <option
          key="22"
          value="Bhutan"
        >
          Bhutan
        </option>
        <option
          key="23"
          value="Bolivia"
        >
          Bolivia
        </option>
        <option
          key="24"
          value="Bosnia &amp; Herzegovina"
        >
          Bosnia &amp; Herzegovina
        </option>
        <option
          key="25"
          value="Botswana"
        >
          Botswana
        </option>
        <option
          key="26"
          value="Brazil"
        >
          Brazil
        </option>
        <option
          key="27"
          value="British Virgin Islands"
        >
          British Virgin Islands
        </option>
        <option
          key="28"
          value="Brunei"
        >
          Brunei
        </option>
        <option
          key="29"
          value="Bulgaria"
        >
          Bulgaria
        </option>
        <option
          key="30"
          value="Burkina Faso"
        >
          Burkina Faso
        </option>
        <option
          key="31"
          value="Burundi"
        >
          Burundi
        </option>
        <option
          key="32"
          value="Cambodia"
        >
          Cambodia
        </option>
        <option
          key="33"
          value="Cameroon"
        >
          Cameroon
        </option>
        <option
          key="34"
          value="Canada"
        >
          Canada
        </option>
        <option
          key="35"
          value="Cape Verde"
        >
          Cape Verde
        </option>
        <option
          key="36"
          value="Cayman Islands"
        >
          Cayman Islands
        </option>
        <option
          key="37"
          value="Chad"
        >
          Chad
        </option>
        <option
          key="38"
          value="Chile"
        >
          Chile
        </option>
        <option
          key="39"
          value="China"
        >
          China
        </option>
        <option
          key="40"
          value="Colombia"
        >
          Colombia
        </option>
        <option
          key="41"
          value="Congo"
        >
          Congo
        </option>
        <option
          key="42"
          value="Cook Islands"
        >
          Cook Islands
        </option>
        <option
          key="43"
          value="Costa Rica"
        >
          Costa Rica
        </option>
        <option
          key="44"
          value="Cote D Ivoire"
        >
          Cote D Ivoire
        </option>
        <option
          key="45"
          value="Croatia"
        >
          Croatia
        </option>
        <option
          key="46"
          value="Cruise Ship"
        >
          Cruise Ship
        </option>
        <option
          key="47"
          value="Cuba"
        >
          Cuba
        </option>
        <option
          key="48"
          value="Cyprus"
        >
          Cyprus
        </option>
        <option
          key="49"
          value="Czech Republic"
        >
          Czech Republic
        </option>
        <option
          key="50"
          value="Denmark"
        >
          Denmark
        </option>
        <option
          key="51"
          value="Djibouti"
        >
          Djibouti
        </option>
        <option
          key="52"
          value="Dominica"
        >
          Dominica
        </option>
        <option
          key="53"
          value="Dominican Republic"
        >
          Dominican Republic
        </option>
        <option
          key="54"
          value="Ecuador"
        >
          Ecuador
        </option>
        <option
          key="55"
          value="Egypt"
        >
          Egypt
        </option>
        <option
          key="56"
          value="El Salvador"
        >
          El Salvador
        </option>
        <option
          key="57"
          value="Equatorial Guinea"
        >
          Equatorial Guinea
        </option>
        <option
          key="58"
          value="Estonia"
        >
          Estonia
        </option>
        <option
          key="59"
          value="Ethiopia"
        >
          Ethiopia
        </option>
        <option
          key="60"
          value="Falkland Islands"
        >
          Falkland Islands
        </option>
        <option
          key="61"
          value="Faroe Islands"
        >
          Faroe Islands
        </option>
        <option
          key="62"
          value="Fiji"
        >
          Fiji
        </option>
        <option
          key="63"
          value="Finland"
        >
          Finland
        </option>
        <option
          key="64"
          value="France"
        >
          France
        </option>
        <option
          key="65"
          value="French Polynesia"
        >
          French Polynesia
        </option>
        <option
          key="66"
          value="French West Indies"
        >
          French West Indies
        </option>
        <option
          key="67"
          value="Gabon"
        >
          Gabon
        </option>
        <option
          key="68"
          value="Gambia"
        >
          Gambia
        </option>
        <option
          key="69"
          value="Georgia"
        >
          Georgia
        </option>
        <option
          key="70"
          value="Germany"
        >
          Germany
        </option>
        <option
          key="71"
          value="Ghana"
        >
          Ghana
        </option>
        <option
          key="72"
          value="Gibraltar"
        >
          Gibraltar
        </option>
        <option
          key="73"
          value="Greece"
        >
          Greece
        </option>
        <option
          key="74"
          value="Greenland"
        >
          Greenland
        </option>
        <option
          key="75"
          value="Grenada"
        >
          Grenada
        </option>
        <option
          key="76"
          value="Guam"
        >
          Guam
        </option>
        <option
          key="77"
          value="Guatemala"
        >
          Guatemala
        </option>
        <option
          key="78"
          value="Guernsey"
        >
          Guernsey
        </option>
        <option
          key="79"
          value="Guinea"
        >
          Guinea
        </option>
        <option
          key="80"
          value="Guinea Bissau"
        >
          Guinea Bissau
        </option>
        <option
          key="81"
          value="Guyana"
        >
          Guyana
        </option>
        <option
          key="82"
          value="Haiti"
        >
          Haiti
        </option>
        <option
          key="83"
          value="Honduras"
        >
          Honduras
        </option>
        <option
          key="84"
          value="Hong Kong"
        >
          Hong Kong
        </option>
        <option
          key="85"
          value="Hungary"
        >
          Hungary
        </option>
        <option
          key="86"
          value="Iceland"
        >
          Iceland
        </option>
        <option
          key="87"
          value="India"
        >
          India
        </option>
        <option
          key="88"
          value="Indonesia"
        >
          Indonesia
        </option>
        <option
          key="89"
          value="Iran"
        >
          Iran
        </option>
        <option
          key="90"
          value="Iraq"
        >
          Iraq
        </option>
        <option
          key="91"
          value="Ireland"
        >
          Ireland
        </option>
        <option
          key="92"
          value="Isle of Man"
        >
          Isle of Man
        </option>
        <option
          key="93"
          value="Israel"
        >
          Israel
        </option>
        <option
          key="94"
          value="Italy"
        >
          Italy
        </option>
        <option
          key="95"
          value="Jamaica"
        >
          Jamaica
        </option>
        <option
          key="96"
          value="Japan"
        >
          Japan
        </option>
        <option
          key="97"
          value="Jersey"
        >
          Jersey
        </option>
        <option
          key="98"
          value="Jordan"
        >
          Jordan
        </option>
        <option
          key="99"
          value="Kazakhstan"
        >
          Kazakhstan
        </option>
        <option
          key="100"
          value="Kenya"
        >
          Kenya
        </option>
        <option
          key="101"
          value="Kuwait"
        >
          Kuwait
        </option>
        <option
          key="102"
          value="Kyrgyz Republic"
        >
          Kyrgyz Republic
        </option>
        <option
          key="103"
          value="Laos"
        >
          Laos
        </option>
        <option
          key="104"
          value="Latvia"
        >
          Latvia
        </option>
        <option
          key="105"
          value="Lebanon"
        >
          Lebanon
        </option>
        <option
          key="106"
          value="Lesotho"
        >
          Lesotho
        </option>
        <option
          key="107"
          value="Liberia"
        >
          Liberia
        </option>
        <option
          key="108"
          value="Libya"
        >
          Libya
        </option>
        <option
          key="109"
          value="Liechtenstein"
        >
          Liechtenstein
        </option>
        <option
          key="110"
          value="Lithuania"
        >
          Lithuania
        </option>
        <option
          key="111"
          value="Luxembourg"
        >
          Luxembourg
        </option>
        <option
          key="112"
          value="Macau"
        >
          Macau
        </option>
        <option
          key="113"
          value="Macedonia"
        >
          Macedonia
        </option>
        <option
          key="114"
          value="Madagascar"
        >
          Madagascar
        </option>
        <option
          key="115"
          value="Malawi"
        >
          Malawi
        </option>
        <option
          key="116"
          value="Malaysia"
        >
          Malaysia
        </option>
        <option
          key="117"
          value="Maldives"
        >
          Maldives
        </option>
        <option
          key="118"
          value="Mali"
        >
          Mali
        </option>
        <option
          key="119"
          value="Malta"
        >
          Malta
        </option>
        <option
          key="120"
          value="Mauritania"
        >
          Mauritania
        </option>
        <option
          key="121"
          value="Mauritius"
        >
          Mauritius
        </option>
        <option
          key="122"
          value="Mexico"
        >
          Mexico
        </option>
        <option
          key="123"
          value="Moldova"
        >
          Moldova
        </option>
        <option
          key="124"
          value="Monaco"
        >
          Monaco
        </option>
        <option
          key="125"
          value="Mongolia"
        >
          Mongolia
        </option>
        <option
          key="126"
          value="Montenegro"
        >
          Montenegro
        </option>
        <option
          key="127"
          value="Montserrat"
        >
          Montserrat
        </option>
        <option
          key="128"
          value="Morocco"
        >
          Morocco
        </option>
        <option
          key="129"
          value="Mozambique"
        >
          Mozambique
        </option>
        <option
          key="130"
          value="Namibia"
        >
          Namibia
        </option>
        <option
          key="131"
          value="Nepal"
        >
          Nepal
        </option>
        <option
          key="132"
          value="Netherlands"
        >
          Netherlands
        </option>
        <option
          key="133"
          value="Netherlands Antilles"
        >
          Netherlands Antilles
        </option>
        <option
          key="134"
          value="New Caledonia"
        >
          New Caledonia
        </option>
        <option
          key="135"
          value="New Zealand"
        >
          New Zealand
        </option>
        <option
          key="136"
          value="Nicaragua"
        >
          Nicaragua
        </option>
        <option
          key="137"
          value="Niger"
        >
          Niger
        </option>
        <option
          key="138"
          value="Nigeria"
        >
          Nigeria
        </option>
        <option
          key="139"
          value="Norway"
        >
          Norway
        </option>
        <option
          key="140"
          value="Oman"
        >
          Oman
        </option>
        <option
          key="141"
          value="Pakistan"
        >
          Pakistan
        </option>
        <option
          key="142"
          value="Palestine"
        >
          Palestine
        </option>
        <option
          key="143"
          value="Panama"
        >
          Panama
        </option>
        <option
          key="144"
          value="Papua New Guinea"
        >
          Papua New Guinea
        </option>
        <option
          key="145"
          value="Paraguay"
        >
          Paraguay
        </option>
        <option
          key="146"
          value="Peru"
        >
          Peru
        </option>
        <option
          key="147"
          value="Philippines"
        >
          Philippines
        </option>
        <option
          key="148"
          value="Poland"
        >
          Poland
        </option>
        <option
          key="149"
          value="Portugal"
        >
          Portugal
        </option>
        <option
          key="150"
          value="Puerto Rico"
        >
          Puerto Rico
        </option>
        <option
          key="151"
          value="Qatar"
        >
          Qatar
        </option>
        <option
          key="152"
          value="Reunion"
        >
          Reunion
        </option>
        <option
          key="153"
          value="Romania"
        >
          Romania
        </option>
        <option
          key="154"
          value="Russia"
        >
          Russia
        </option>
        <option
          key="155"
          value="Rwanda"
        >
          Rwanda
        </option>
        <option
          key="156"
          value="Saint Pierre &amp; Miquelon"
        >
          Saint Pierre &amp; Miquelon
        </option>
        <option
          key="157"
          value="Samoa"
        >
          Samoa
        </option>
        <option
          key="158"
          value="San Marino"
        >
          San Marino
        </option>
        <option
          key="159"
          value="Satellite"
        >
          Satellite
        </option>
        <option
          key="160"
          value="Saudi Arabia"
        >
          Saudi Arabia
        </option>
        <option
          key="161"
          value="Senegal"
        >
          Senegal
        </option>
        <option
          key="162"
          value="Serbia"
        >
          Serbia
        </option>
        <option
          key="163"
          value="Seychelles"
        >
          Seychelles
        </option>
        <option
          key="164"
          value="Sierra Leone"
        >
          Sierra Leone
        </option>
        <option
          key="165"
          value="Singapore"
        >
          Singapore
        </option>
        <option
          key="166"
          value="Slovakia"
        >
          Slovakia
        </option>
        <option
          key="167"
          value="Slovenia"
        >
          Slovenia
        </option>
        <option
          key="168"
          value="South Africa"
        >
          South Africa
        </option>
        <option
          key="169"
          value="South Korea"
        >
          South Korea
        </option>
        <option
          key="170"
          value="Spain"
        >
          Spain
        </option>
        <option
          key="171"
          value="Sri Lanka"
        >
          Sri Lanka
        </option>
        <option
          key="172"
          value="St Kitts &amp; Nevis"
        >
          St Kitts &amp; Nevis
        </option>
        <option
          key="173"
          value="St Lucia"
        >
          St Lucia
        </option>
        <option
          key="174"
          value="St Vincent"
        >
          St Vincent
        </option>
        <option
          key="175"
          value="St. Lucia"
        >
          St. Lucia
        </option>
        <option
          key="176"
          value="Sudan"
        >
          Sudan
        </option>
        <option
          key="177"
          value="Suriname"
        >
          Suriname
        </option>
        <option
          key="178"
          value="Swaziland"
        >
          Swaziland
        </option>
        <option
          key="179"
          value="Sweden"
        >
          Sweden
        </option>
        <option
          key="180"
          value="Switzerland"
        >
          Switzerland
        </option>
        <option
          key="181"
          value="Syria"
        >
          Syria
        </option>
        <option
          key="182"
          value="Taiwan"
        >
          Taiwan
        </option>
        <option
          key="183"
          value="Tajikistan"
        >
          Tajikistan
        </option>
        <option
          key="184"
          value="Tanzania"
        >
          Tanzania
        </option>
        <option
          key="185"
          value="Thailand"
        >
          Thailand
        </option>
        <option
          key="186"
          value="Timor L'Este"
        >
          Timor L'Este
        </option>
        <option
          key="187"
          value="Togo"
        >
          Togo
        </option>
        <option
          key="188"
          value="Tonga"
        >
          Tonga
        </option>
        <option
          key="189"
          value="Trinidad &amp; Tobago"
        >
          Trinidad &amp; Tobago
        </option>
        <option
          key="190"
          value="Tunisia"
        >
          Tunisia
        </option>
        <option
          key="191"
          value="Turkey"
        >
          Turkey
        </option>
        <option
          key="192"
          value="Turkmenistan"
        >
          Turkmenistan
        </option>
        <option
          key="193"
          value="Turks &amp; Caicos"
        >
          Turks &amp; Caicos
        </option>
        <option
          key="194"
          value="Uganda"
        >
          Uganda
        </option>
        <option
          key="195"
          value="Ukraine"
        >
          Ukraine
        </option>
        <option
          key="196"
          value="United Arab Emirates"
        >
          United Arab Emirates
        </option>
        <option
          key="197"
          value="United Kingdom"
        >
          United Kingdom
        </option>
        <option
          key="198"
          value="United States"
        >
          United States
        </option>
        <option
          key="199"
          value="United States Minor Outlying Islands"
        >
          United States Minor Outlying Islands
        </option>
        <option
          key="200"
          value="Uruguay"
        >
          Uruguay
        </option>
        <option
          key="201"
          value="Uzbekistan"
        >
          Uzbekistan
        </option>
        <option
          key="202"
          value="Venezuela"
        >
          Venezuela
        </option>
        <option
          key="203"
          value="Vietnam"
        >
          Vietnam
        </option>
        <option
          key="204"
          value="Virgin Islands (US)"
        >
          Virgin Islands (US)
        </option>
        <option
          key="205"
          value="Yemen"
        >
          Yemen
        </option>
        <option
          key="206"
          value="Zambia"
        >
          Zambia
        </option>
        <option
          key="207"
          value="Zimbabwe"
        >
          Zimbabwe
        </option>
      </select>
      <Link
        replace={false}
        to="/"
      >
        <button>
          Search Country
        </button>
      </Link>
      <Header />
      <Stats />
      <Main
        blogs={
          Array [
            Object {
              "blogAuthor": "BROICHI",
              "blogContents": "YOLO SWAG",
              "blogId": "1",
              "blogTitle": "WELCOME TO NIHON",
            },
            Object {
              "blogAuthor": "BROICHI",
              "blogContents": "とりあえず 生 なま ビルください",
              "blogId": "2",
              "blogTitle": "Ebisu Brewery",
            },
          ]
        }
        country=""
        photos={
          Array [
            Object {
              "_id": "abcde",
              "createdAt": "2017-11-14T05:57:26.037Z",
              "imageUrl": "https://i.pinimg.com/originals/85/e2/86/85e2866dad301eca825422321faa5f8e.jpg",
              "title": "This is Some Sample Picture",
            },
            Object {
              "_id": "abcdf",
              "createdAt": "2017-11-13T03:30:26.037Z",
              "imageUrl": "https://i.pinimg.com/originals/f1/00/3a/f1003a2265980f2a548d7bdc23dddbb0.jpg",
              "title": "Use This Data to Help You Build Your Client",
            },
            Object {
              "_id": "abcdg",
              "createdAt": "2017-11-11T01:24:26.037Z",
              "imageUrl": "https://i.pinimg.com/originals/cf/ee/d2/cfeed2dd3dea8a73a4c7b5930bd5e792.jpg",
              "title": "Then Replace It With Data Obtained from your Server and Database",
            },
          ]
        }
      />
    </div>
  </center>
</div>
`;
